../Core/Src/main.c:74:5:_write	32	static
../Core/Src/main.c:91:5:main	8	static
../Core/Src/main.c:150:6:SystemClock_Config	88	static
../Core/Src/main.c:197:13:MX_SDIO_SD_Init	4	static
../Core/Src/main.c:225:13:MX_TIM2_Init	32	static
../Core/Src/main.c:270:13:MX_USART1_UART_Init	8	static
../Core/Src/main.c:303:13:MX_USART2_UART_Init	8	static
../Core/Src/main.c:336:13:MX_GPIO_Init	40	static
../Core/Src/main.c:364:13:SDIO_SDCard_Test	8544	static
../Core/Src/main.c:510:6:HAL_TIM_PeriodElapsedCallback	16	static
../Core/Src/main.c:522:6:Error_Handler	4	static,ignoring_inline_asm
